[default, 1, 49, default, 1, 0, default, 1, 9, default, -1, 8, default, -2, 8]