[Backstage passes to a TAFKAL80ETC concert, 1, 50, Backstage passes to a TAFKAL80ETC concert, 1, 43, Backstage passes to a TAFKAL80ETC concert, 1, 3, Backstage passes to a TAFKAL80ETC concert, 1, 13, Backstage passes to a TAFKAL80ETC concert, 0, 13, Backstage passes to a TAFKAL80ETC concert, -1, 0, Backstage passes to a TAFKAL80ETC concert, -2, 0]