[Sulfuras, Hand of Ragnaros, 100, 50, Sulfuras, Hand of Ragnaros, 2, 40, Sulfuras, Hand of Ragnaros, 2, 0, Sulfuras, Hand of Ragnaros, 2, 10, Sulfuras, Hand of Ragnaros, 1, 10, Sulfuras, Hand of Ragnaros, 0, 10, Sulfuras, Hand of Ragnaros, -1, 10, Sulfuras, Hand of Ragnaros, -1, -1]